User@DESKTOP-8I2R51M MINGW64 ~/desktop
$ git clone https://github.com/MateusPraxedes/Projeto.git   
Cloning into 'Projeto'...
warning: You appear to have cloned an empty repository.     

User@DESKTOP-8I2R51M MINGW64 ~/desktop
$ cd projeto

User@DESKTOP-8I2R51M MINGW64 ~/desktop/projeto (master)     
$ touch app.js

User@DESKTOP-8I2R51M MINGW64 ~/desktop/projeto (master)
$ git status
On branch master

No commits yet

Untracked files:
  (use "git add <file>..." to include in what will be committed)
        app.js

nothing added to commit but untracked files present (use "git add" to track)

User@DESKTOP-8I2R51M MINGW64 ~/desktop/projeto (master)
$ git add app.js

User@DESKTOP-8I2R51M MINGW64 ~/desktop/projeto (master)
$ git status
On branch master

No commits yet

Changes to be committed:
  (use "git rm --cached <file>..." to unstage)
        new file:   app.js